.\mvnw.cmd : WARNING: A restricted method in java.lang.System has been called
所在位置 行:1 字符: 5
+ & { .\mvnw.cmd compile 2>&1 | Out-File -FilePath compile-errors.txt - ...
+     ~~~~~~~~~~~~~~~~~~~~~~~
    + CategoryInfo          : NotSpecified: (WARNING: A rest...has been called    :String) [], RemoteException
    + FullyQualifiedErrorId : NativeCommandError
 
WARNING: java.lang.System::load has been called by org.fusesource.jansi.internal.JansiLoader in an unnamed module (file:/C:/Users/32546/.m2/wrapper/dists/apache-maven-3.8.8-bin/67c30f74/apache-maven-3.8.8/lib/jansi-2.4.0.jar)
WARNING: Use --enable-native-access=ALL-UNNAMED to avoid a warning for callers in this module
WARNING: Restricted methods will be blocked in a future release unless native access is enabled

WARNING: A terminally deprecated method in sun.misc.Unsafe has been called
WARNING: sun.misc.Unsafe::objectFieldOffset has been called by com.google.common.util.concurrent.AbstractFuture$UnsafeAtomicHelper (file:/C:/Users/32546/.m2/wrapper/dists/apache-maven-3.8.8-bin/67c30f74/apache-maven-3.8.8/lib/guava-25.1-android.jar)
WARNING: Please consider reporting this to the maintainers of class com.google.common.util.concurrent.AbstractFuture$UnsafeAtomicHelper
WARNING: sun.misc.Unsafe::objectFieldOffset will be removed in a future release
[INFO] Scanning for projects...
[INFO] 
[INFO] -----------------< com.yanxiaomap:yanxiaomap-backend >------------------
[INFO] Building yanxiaomap-backend 1.0.0-SNAPSHOT
[INFO]   from pom.xml
[INFO] --------------------------------[ jar ]---------------------------------
[INFO] 
[INFO] --- maven-resources-plugin:3.3.1:resources (default-resources) @ yanxiaomap-backend ---
[INFO] Copying 3 resources from src\main\resources to target\classes
[INFO] Copying 7 resources from src\main\resources to target\classes
[INFO] 
[INFO] --- maven-compiler-plugin:3.14.0:compile (default-compile) @ yanxiaomap-backend ---
[INFO] Recompiling the module because of changed source code.
[INFO] Compiling 59 source files with javac [debug parameters release 21] to target\classes
